// Jest Snapshot v1, https://goo.gl/fbAQLP

exports[`renders correctly 1`] = `
<div
  className="MuiPaper-root MuiCard-root Card-default-1 MuiPaper-elevation1 MuiPaper-rounded"
/>
`;
