// Jest Snapshot v1, https://goo.gl/fbAQLP

exports[`renders correctly 1`] = `
<div
  className="App"
>
  <div
    className="App-header"
  >
    <div
      className="MuiPaper-root MuiCard-root Card-default-1 MuiPaper-elevation1 MuiPaper-rounded"
    >
      <div
        className="MuiInputBase-root MuiInput-root MuiInputBase-fullWidth MuiInput-fullWidth"
        onClick={[Function]}
      >
        <input
          className="MuiInputBase-input MuiInput-input"
          id="TestInput"
          onAnimationStart={[Function]}
          onBlur={[Function]}
          onChange={[Function]}
          onFocus={[Function]}
          type="file"
        />
      </div>
      <div
        className="MuiTableContainer-root"
      >
        <table
          aria-label="simple table"
          className="MuiTable-root"
          role={null}
        >
          <thead
            className="MuiTableHead-root"
            role={null}
          >
            <tr
              className="MuiTableRow-root MuiTableRow-head"
              role={null}
            >
              <th
                aria-sort={null}
                className="MuiTableCell-root MuiTableCell-head"
                scope="col"
              >
                Name
              </th>
              <th
                aria-sort={null}
                className="MuiTableCell-root MuiTableCell-head MuiTableCell-alignRight"
                scope="col"
              >
                Download
              </th>
            </tr>
          </thead>
          <tbody
            className="MuiTableBody-root"
            role={null}
          />
        </table>
      </div>
    </div>
  </div>
</div>
`;
